###############################################################################
#
# IAR ELF Linker V8.50.1.245/W32 for ARM                  08/May/2020  21:44:39
# Copyright 2007-2020 IAR Systems AB.
#
#    Output file  =
#        C:\Users\Astor\Documents\GitHub\elc1048\MULTITAREFAS\IAR\Debug\Exe\prj0.out
#    Map file     =
#        C:\Users\Astor\Documents\GitHub\elc1048\MULTITAREFAS\IAR\Debug\List\prj0.map
#    Command line =
#        -f C:\Users\Astor\AppData\Local\Temp\EWD90E.tmp
#        (C:\Users\Astor\Documents\GitHub\elc1048\MULTITAREFAS\IAR\Debug\Obj\cpu-port.o
#        C:\Users\Astor\Documents\GitHub\elc1048\MULTITAREFAS\IAR\Debug\Obj\main.o
#        C:\Users\Astor\Documents\GitHub\elc1048\MULTITAREFAS\IAR\Debug\Obj\multitarefas.o
#        --no_out_extension -o
#        C:\Users\Astor\Documents\GitHub\elc1048\MULTITAREFAS\IAR\Debug\Exe\prj0.out
#        --redirect _Printf=_PrintfFullNoMb --redirect _Scanf=_ScanfFullNoMb
#        --map
#        C:\Users\Astor\Documents\GitHub\elc1048\MULTITAREFAS\IAR\Debug\List\prj0.map
#        --config "C:\Program Files (x86)\IAR Systems\Embedded Workbench
#        8.4\arm\CONFIG\generic_cortex.icf" --semihosting --entry
#        __iar_program_start --vfe --text_out locale)
#
###############################################################################

*******************************************************************************
*** RUNTIME MODEL ATTRIBUTES
***

CppFlavor       = *
__SystemLibrary = DLib
__dlib_version  = 6


*******************************************************************************
*** HEAP SELECTION
***

The basic heap was selected because some modules are built with
size limitations (and not runtime checking), and --advanced_heap
was not specified.


*******************************************************************************
*** PLACEMENT SUMMARY
***

"A0":  place at address 0x0 { ro section .intvec };
"P1":  place in [from 0x0 to 0x7'ffff] { ro };
define block CSTACK with size = 1K, alignment = 8 { };
define block PROC_STACK with size = 0, alignment = 8 { };
define block HEAP with size = 2K, alignment = 8 { };
"P2":  place in [from 0x2000'0000 to 0x2000'ffff] {
          rw, block CSTACK, block PROC_STACK, block HEAP };
initialize by copy { rw };

  Section            Kind         Address   Size  Object
  -------            ----         -------   ----  ------
"A0":                                       0x40
  .intvec            ro code          0x0   0x40  vector_table_M.o [3]
                                   - 0x40   0x40

"P1":                                      0x640
  .text              ro code         0x40  0x254  multitarefas.o [1]
  .text              ro code        0x294  0x128  cpu-port.o [1]
  .text              ro code        0x3bc   0xae  I32DivModFast.o [3]
  .text              ro code        0x46a    0x2  vector_table_M.o [3]
  .text              ro code        0x46c    0x2  IntDivZer.o [3]
  .text              ro code        0x470   0xd4  main.o [1]
  .text              ro code        0x544   0x3c  zero_init3.o [3]
  .text              ro code        0x580   0x30  copy_init3.o [3]
  .text              ro code        0x5b0   0x28  data_init.o [3]
  .iar.init_table    const          0x5d8   0x24  - Linker created -
  .text              ro code        0x5fc   0x1e  cmain.o [3]
  .text              ro code        0x61a    0x4  low_level_init.o [2]
  .text              ro code        0x61e    0x8  exit.o [2]
  .text              ro code        0x628    0xa  cexit.o [3]
  .text              ro code        0x634   0x14  exit.o [4]
  .rodata            const          0x648   0x10  main.o [1]
  .rodata            const          0x658    0xc  main.o [1]
  .rodata            const          0x664    0xc  main.o [1]
  .text              ro code        0x670    0xc  cstartup_M.o [3]
  Initializer bytes  const          0x67c    0x4  <for P2-1>
  .rodata            const          0x680    0x0  zero_init3.o [3]
  .rodata            const          0x680    0x0  copy_init3.o [3]
                                  - 0x680  0x640

"P2", part 1 of 3:                           0x4
  P2-1                        0x2000'0000    0x4  <Init block>
    .data            inited   0x2000'0000    0x2  main.o [1]
    .data            inited   0x2000'0002    0x2  main.o [1]
                            - 0x2000'0004    0x4

"P2", part 2 of 3:                         0x250
  .bss               zero     0x2000'0004   0xa0  main.o [1]
  .bss               zero     0x2000'00a4   0xa0  main.o [1]
  .bss               zero     0x2000'0144   0xa0  main.o [1]
  .bss               zero     0x2000'01e4   0x30  multitarefas.o [1]
  .bss               zero     0x2000'0214   0x28  main.o [1]
  .bss               zero     0x2000'023c    0x8  multitarefas.o [1]
  .bss               zero     0x2000'0244    0x4  multitarefas.o [1]
  .bss               zero     0x2000'0248    0x4  multitarefas.o [1]
  .bss               zero     0x2000'024c    0x2  main.o [1]
  .bss               zero     0x2000'024e    0x2  multitarefas.o [1]
  .bss               zero     0x2000'0250    0x1  multitarefas.o [1]
  .bss               zero     0x2000'0251    0x1  multitarefas.o [1]
  .bss               zero     0x2000'0252    0x1  multitarefas.o [1]
                            - 0x2000'0253  0x24f

"P2", part 3 of 3:                         0x400
  CSTACK                      0x2000'0258  0x400  <Block>
    CSTACK           uninit   0x2000'0258  0x400  <Block tail>
                            - 0x2000'0658  0x400

Unused ranges:

         From           To      Size
         ----           --      ----
        0x680     0x7'ffff  0x7'f980
  0x2000'0254  0x2000'0257       0x4
  0x2000'0658  0x2000'ffff    0xf9a8


*******************************************************************************
*** INIT TABLE
***

          Address      Size
          -------      ----
Zero (__iar_zero_init3)
    1 destination range, total size 0x24f:
          0x2000'0004  0x24f

Copy (__iar_copy_init3)
    1 source range, total size 0x4:
                0x67c    0x4
    1 destination range, total size 0x4:
          0x2000'0000    0x4



*******************************************************************************
*** MODULE SUMMARY
***

    Module            ro code  ro data  rw data
    ------            -------  -------  -------
command line/config:
    -------------------------------------------
    Total:

C:\Users\Astor\Documents\GitHub\elc1048\MULTITAREFAS\IAR\Debug\Obj: [1]
    cpu-port.o            296
    main.o                212       44      526
    multitarefas.o        596                69
    -------------------------------------------
    Total:              1'104       44      595

dl6M_tln.a: [2]
    exit.o                  8
    low_level_init.o        4
    -------------------------------------------
    Total:                 12

rt6M_tl.a: [3]
    I32DivModFast.o       174
    IntDivZer.o             2
    cexit.o                10
    cmain.o                30
    copy_init3.o           48
    cstartup_M.o           12
    data_init.o            40
    vector_table_M.o       66
    zero_init3.o           60
    -------------------------------------------
    Total:                442

shb_l.a: [4]
    exit.o                 20
    -------------------------------------------
    Total:                 20

    Gaps                    6
    Linker created                  36    1'024
-----------------------------------------------
    Grand Total:        1'584       80    1'619


*******************************************************************************
*** ENTRY LIST
***

Entry                       Address  Size  Type      Object
-----                       -------  ----  ----      ------
.iar.init_table$$Base         0x5d8         --   Gb  - Linker created -
.iar.init_table$$Limit        0x5fc         --   Gb  - Linker created -
?main                         0x5fd        Code  Gb  cmain.o [3]
CSTACK$$Base            0x2000'0258         --   Gb  - Linker created -
CSTACK$$Limit           0x2000'0658         --   Gb  - Linker created -
ConfiguraMarcaTempo           0x2e3  0x24  Code  Gb  cpu-port.o [1]
CriaContexto                  0x295  0x4e  Code  Gb  cpu-port.o [1]
CriaTarefa                     0x93  0x6a  Code  Gb  multitarefas.o [1]
ExecutaMarcaDeTempo           0x19f  0x6a  Code  Gb  multitarefas.o [1]
HardFault_Handler             0x3b9   0x4  Code  Gb  cpu-port.o [1]
IniciaMultitarefas            0x145  0x26  Code  Gb  multitarefas.o [1]
PILHA_TAREFA_1          0x2000'0004  0xa0  Data  Gb  main.o [1]
PILHA_TAREFA_2          0x2000'00a4  0xa0  Data  Gb  main.o [1]
PILHA_TAREFA_OCIOSA     0x2000'0144  0xa0  Data  Gb  main.o [1]
PendSV_Handler                0x341  0x48  Code  Gb  cpu-port.o [1]
Prioridades             0x2000'023c   0x8  Data  Gb  multitarefas.o [1]
Region$$Table$$Base           0x5d8         --   Gb  - Linker created -
Region$$Table$$Limit          0x5fc         --   Gb  - Linker created -
SP                      0x2000'0248   0x4  Data  Gb  multitarefas.o [1]
SVC_Handler                   0x309  0x38  Code  Gb  cpu-port.o [1]
SemaforoAguarda               0x209  0x34  Code  Gb  multitarefas.o [1]
SemaforoLibera                0x23d  0x32  Code  Gb  multitarefas.o [1]
SysTick_Handler               0x389  0x12  Code  Gb  cpu-port.o [1]
TCB                     0x2000'01e4  0x30  Data  Gb  multitarefas.o [1]
TarefaEspera                   0xfd  0x34  Code  Gb  multitarefas.o [1]
TrocaContextoDasTarefas
                              0x16b  0x34  Code  Gb  multitarefas.o [1]
__aeabi_idiv0                 0x46d        Code  Gb  IntDivZer.o [3]
__aeabi_uidiv                 0x3bd        Code  Gb  I32DivModFast.o [3]
__aeabi_uidivmod              0x3bd        Code  Gb  I32DivModFast.o [3]
__cmain                       0x5fd        Code  Gb  cmain.o [3]
__exit                        0x635  0x14  Code  Gb  exit.o [4]
__iar_copy_init3              0x581  0x30  Code  Gb  copy_init3.o [3]
__iar_data_init3              0x5b1  0x28  Code  Gb  data_init.o [3]
__iar_program_start           0x671        Code  Gb  cstartup_M.o [3]
__iar_zero_init3              0x545  0x3c  Code  Gb  zero_init3.o [3]
__low_level_init              0x61b   0x4  Code  Gb  low_level_init.o [2]
__vector_table                  0x0        Data  Gb  vector_table_M.o [3]
_call_main                    0x609        Code  Gb  cmain.o [3]
_exit                         0x629        Code  Gb  cexit.o [3]
_main                         0x617        Code  Gb  cmain.o [3]
contador_marcas         0x2000'024e   0x2  Data  Lc  multitarefas.o [1]
empty                   0x2000'0002   0x2  Data  Gb  main.o [1]
escalonador                    0x41  0x52  Code  Gb  multitarefas.o [1]
exit                          0x61f   0x8  Code  Gb  exit.o [2]
full                    0x2000'024c   0x2  Data  Gb  main.o [1]
main                          0x471  0x3c  Code  Gb  main.o [1]
mutex                   0x2000'0000   0x2  Data  Gb  main.o [1]
numero_tarefas          0x2000'0252   0x1  Data  Lc  multitarefas.o [1]
ponteiro_de_pilha       0x2000'0244   0x4  Data  Gb  multitarefas.o [1]
proxima_tarefa          0x2000'0251   0x1  Data  Gb  multitarefas.o [1]
shared_buffer           0x2000'0214  0x28  Data  Gb  main.o [1]
tarefa_1                      0x4ad  0x32  Code  Gb  main.o [1]
tarefa_2                      0x4df  0x32  Code  Gb  main.o [1]
tarefa_atual            0x2000'0250   0x1  Data  Gb  multitarefas.o [1]
tarefa_ociosa                 0x131  0x12  Code  Gb  multitarefas.o [1]


[1] = C:\Users\Astor\Documents\GitHub\elc1048\MULTITAREFAS\IAR\Debug\Obj
[2] = dl6M_tln.a
[3] = rt6M_tl.a
[4] = shb_l.a

  1'584 bytes of readonly  code memory
     80 bytes of readonly  data memory
  1'619 bytes of readwrite data memory

Errors: none
Warnings: none
