###############################################################################
#
# IAR ELF Linker V8.50.1.245/W32 for ARM                  15/May/2020  21:38:02
# Copyright 2007-2020 IAR Systems AB.
#
#    Output file  =
#        C:\Users\Astor\Documents\GitHub\elc1048\MULTITAREFAS\IAR\Debug\Exe\prj0.out
#    Map file     =
#        C:\Users\Astor\Documents\GitHub\elc1048\MULTITAREFAS\IAR\Debug\List\prj0.map
#    Command line =
#        -f C:\Users\Astor\AppData\Local\Temp\EWE49.tmp
#        (C:\Users\Astor\Documents\GitHub\elc1048\MULTITAREFAS\IAR\Debug\Obj\cpu-port.o
#        C:\Users\Astor\Documents\GitHub\elc1048\MULTITAREFAS\IAR\Debug\Obj\main.o
#        C:\Users\Astor\Documents\GitHub\elc1048\MULTITAREFAS\IAR\Debug\Obj\multitarefas.o
#        --no_out_extension -o
#        C:\Users\Astor\Documents\GitHub\elc1048\MULTITAREFAS\IAR\Debug\Exe\prj0.out
#        --redirect _Printf=_PrintfFullNoMb --redirect _Scanf=_ScanfFullNoMb
#        --map
#        C:\Users\Astor\Documents\GitHub\elc1048\MULTITAREFAS\IAR\Debug\List\prj0.map
#        --config "C:\Program Files (x86)\IAR Systems\Embedded Workbench
#        8.4\arm\CONFIG\generic_cortex.icf" --semihosting --entry
#        __iar_program_start --vfe --text_out locale)
#
###############################################################################

*******************************************************************************
*** RUNTIME MODEL ATTRIBUTES
***

CppFlavor       = *
__SystemLibrary = DLib
__dlib_version  = 6


*******************************************************************************
*** HEAP SELECTION
***

The basic heap was selected because some modules are built with
size limitations (and not runtime checking), and --advanced_heap
was not specified.


*******************************************************************************
*** PLACEMENT SUMMARY
***

"A0":  place at address 0x0 { ro section .intvec };
"P1":  place in [from 0x0 to 0x7'ffff] { ro };
define block CSTACK with size = 1K, alignment = 8 { };
define block PROC_STACK with size = 0, alignment = 8 { };
define block HEAP with size = 2K, alignment = 8 { };
"P2":  place in [from 0x2000'0000 to 0x2000'ffff] {
          rw, block CSTACK, block PROC_STACK, block HEAP };

  Section          Kind         Address   Size  Object
  -------          ----         -------   ----  ------
"A0":                                     0x40
  .intvec          ro code          0x0   0x40  vector_table_M.o [3]
                                 - 0x40   0x40

"P1":                                    0x718
  .text            ro code         0x40  0x234  multitarefas.o [1]
  .text            ro code        0x274  0x128  cpu-port.o [1]
  .text            ro code        0x39c   0xae  I32DivModFast.o [3]
  .text            ro code        0x44a    0x2  vector_table_M.o [3]
  .text            ro code        0x44c    0x2  IntDivZer.o [3]
  .text            ro code        0x450  0x1d8  main.o [1]
  .text            ro code        0x628   0x3c  zero_init3.o [3]
  .text            ro code        0x664   0x28  data_init.o [3]
  .iar.init_table  const          0x68c   0x10  - Linker created -
  .text            ro code        0x69c   0x1e  cmain.o [3]
  .text            ro code        0x6ba    0x4  low_level_init.o [2]
  .text            ro code        0x6be    0x8  exit.o [2]
  .text            ro code        0x6c8    0xa  cexit.o [3]
  .text            ro code        0x6d4   0x14  exit.o [4]
  .rodata          const          0x6e8   0x10  main.o [1]
  .rodata          const          0x6f8    0xc  main.o [1]
  .rodata          const          0x704    0xc  main.o [1]
  .rodata          const          0x710    0xc  main.o [1]
  .rodata          const          0x71c    0xc  main.o [1]
  .rodata          const          0x728    0xc  main.o [1]
  .rodata          const          0x734    0xc  main.o [1]
  .rodata          const          0x740    0xc  main.o [1]
  .text            ro code        0x74c    0xc  cstartup_M.o [3]
  .rodata          const          0x758    0x0  zero_init3.o [3]
                                - 0x758  0x718

"P2", part 1 of 2:                       0x5a0
  .bss             zero     0x2000'0000   0xa0  main.o [1]
  .bss             zero     0x2000'00a0   0xa0  main.o [1]
  .bss             zero     0x2000'0140   0xa0  main.o [1]
  .bss             zero     0x2000'01e0   0xa0  main.o [1]
  .bss             zero     0x2000'0280   0xa0  main.o [1]
  .bss             zero     0x2000'0320   0xa0  main.o [1]
  .bss             zero     0x2000'03c0   0xa0  main.o [1]
  .bss             zero     0x2000'0460   0xa0  main.o [1]
  .bss             zero     0x2000'0500   0x6c  multitarefas.o [1]
  .bss             zero     0x2000'056c    0x8  multitarefas.o [1]
  .bss             zero     0x2000'0574    0x4  main.o [1]
  .bss             zero     0x2000'0578    0x4  main.o [1]
  .bss             zero     0x2000'057c    0x4  main.o [1]
  .bss             zero     0x2000'0580    0x4  main.o [1]
  .bss             zero     0x2000'0584    0x4  main.o [1]
  .bss             zero     0x2000'0588    0x4  main.o [1]
  .bss             zero     0x2000'058c    0x4  main.o [1]
  .bss             zero     0x2000'0590    0x4  multitarefas.o [1]
  .bss             zero     0x2000'0594    0x4  multitarefas.o [1]
  .bss             zero     0x2000'0598    0x2  multitarefas.o [1]
  .bss             zero     0x2000'059a    0x1  multitarefas.o [1]
  .bss             zero     0x2000'059b    0x1  multitarefas.o [1]
  .bss             zero     0x2000'059c    0x1  multitarefas.o [1]
                          - 0x2000'059d  0x59d

"P2", part 2 of 2:                       0x400
  CSTACK                    0x2000'05a0  0x400  <Block>
    CSTACK         uninit   0x2000'05a0  0x400  <Block tail>
                          - 0x2000'09a0  0x400

Unused ranges:

         From           To      Size
         ----           --      ----
        0x758     0x7'ffff  0x7'f8a8
  0x2000'09a0  0x2000'ffff    0xf660


*******************************************************************************
*** INIT TABLE
***

          Address      Size
          -------      ----
Zero (__iar_zero_init3)
    1 destination range, total size 0x59d:
          0x2000'0000  0x59d



*******************************************************************************
*** MODULE SUMMARY
***

    Module            ro code  ro data  rw data
    ------            -------  -------  -------
command line/config:
    -------------------------------------------
    Total:

C:\Users\Astor\Documents\GitHub\elc1048\MULTITAREFAS\IAR\Debug\Obj: [1]
    cpu-port.o            296
    main.o                472      100    1'308
    multitarefas.o        564               129
    -------------------------------------------
    Total:              1'332      100    1'437

dl6M_tln.a: [2]
    exit.o                  8
    low_level_init.o        4
    -------------------------------------------
    Total:                 12

rt6M_tl.a: [3]
    I32DivModFast.o       174
    IntDivZer.o             2
    cexit.o                10
    cmain.o                30
    cstartup_M.o           12
    data_init.o            40
    vector_table_M.o       66
    zero_init3.o           60
    -------------------------------------------
    Total:                394

shb_l.a: [4]
    exit.o                 20
    -------------------------------------------
    Total:                 20

    Gaps                    6
    Linker created                  16    1'024
-----------------------------------------------
    Grand Total:        1'764      116    2'461


*******************************************************************************
*** ENTRY LIST
***

Entry                       Address  Size  Type      Object
-----                       -------  ----  ----      ------
.iar.init_table$$Base         0x68c         --   Gb  - Linker created -
.iar.init_table$$Limit        0x69c         --   Gb  - Linker created -
?main                         0x69d        Code  Gb  cmain.o [3]
CSTACK$$Base            0x2000'05a0         --   Gb  - Linker created -
CSTACK$$Limit           0x2000'09a0         --   Gb  - Linker created -
ConfiguraMarcaTempo           0x2c3  0x24  Code  Gb  cpu-port.o [1]
CriaContexto                  0x275  0x4e  Code  Gb  cpu-port.o [1]
CriaTarefa                     0x93  0x6a  Code  Gb  multitarefas.o [1]
ExecutaMarcaDeTempo           0x1e7  0x6a  Code  Gb  multitarefas.o [1]
HardFault_Handler             0x399   0x4  Code  Gb  cpu-port.o [1]
IniciaMultitarefas            0x18d  0x26  Code  Gb  multitarefas.o [1]
PILHA_TAREFA_0          0x2000'0000  0xa0  Data  Gb  main.o [1]
PILHA_TAREFA_1          0x2000'00a0  0xa0  Data  Gb  main.o [1]
PILHA_TAREFA_2          0x2000'0140  0xa0  Data  Gb  main.o [1]
PILHA_TAREFA_3          0x2000'01e0  0xa0  Data  Gb  main.o [1]
PILHA_TAREFA_4          0x2000'0280  0xa0  Data  Gb  main.o [1]
PILHA_TAREFA_5          0x2000'0320  0xa0  Data  Gb  main.o [1]
PILHA_TAREFA_6          0x2000'03c0  0xa0  Data  Gb  main.o [1]
PILHA_TAREFA_OCIOSA     0x2000'0460  0xa0  Data  Gb  main.o [1]
PendSV_Handler                0x321  0x48  Code  Gb  cpu-port.o [1]
Prioridades             0x2000'056c   0x8  Data  Gb  multitarefas.o [1]
Region$$Table$$Base           0x68c         --   Gb  - Linker created -
Region$$Table$$Limit          0x69c         --   Gb  - Linker created -
SP                      0x2000'0594   0x4  Data  Gb  multitarefas.o [1]
SVC_Handler                   0x2e9  0x38  Code  Gb  cpu-port.o [1]
SysTick_Handler               0x369  0x12  Code  Gb  cpu-port.o [1]
TCB                     0x2000'0500  0x6c  Data  Gb  multitarefas.o [1]
TarefaContinua                0x121  0x24  Code  Gb  multitarefas.o [1]
TarefaEspera                  0x145  0x34  Code  Gb  multitarefas.o [1]
TarefaSuspende                 0xfd  0x24  Code  Gb  multitarefas.o [1]
TrocaContextoDasTarefas
                              0x1b3  0x34  Code  Gb  multitarefas.o [1]
__aeabi_idiv0                 0x44d        Code  Gb  IntDivZer.o [3]
__aeabi_uidiv                 0x39d        Code  Gb  I32DivModFast.o [3]
__aeabi_uidivmod              0x39d        Code  Gb  I32DivModFast.o [3]
__cmain                       0x69d        Code  Gb  cmain.o [3]
__exit                        0x6d5  0x14  Code  Gb  exit.o [4]
__iar_data_init3              0x665  0x28  Code  Gb  data_init.o [3]
__iar_program_start           0x74d        Code  Gb  cstartup_M.o [3]
__iar_zero_init3              0x629  0x3c  Code  Gb  zero_init3.o [3]
__low_level_init              0x6bb   0x4  Code  Gb  low_level_init.o [2]
__vector_table                  0x0        Data  Gb  vector_table_M.o [3]
_call_main                    0x6a9        Code  Gb  cmain.o [3]
_exit                         0x6c9        Code  Gb  cexit.o [3]
_main                         0x6b7        Code  Gb  cmain.o [3]
cnt0                    0x2000'0574   0x4  Data  Gb  main.o [1]
cnt1                    0x2000'0578   0x4  Data  Gb  main.o [1]
cnt2                    0x2000'057c   0x4  Data  Gb  main.o [1]
cnt3                    0x2000'0580   0x4  Data  Gb  main.o [1]
cnt4                    0x2000'0584   0x4  Data  Gb  main.o [1]
cnt5                    0x2000'0588   0x4  Data  Gb  main.o [1]
cnt6                    0x2000'058c   0x4  Data  Gb  main.o [1]
contador_marcas         0x2000'0598   0x2  Data  Lc  multitarefas.o [1]
escalonador                    0x41  0x52  Code  Gb  multitarefas.o [1]
exit                          0x6bf   0x8  Code  Gb  exit.o [2]
main                          0x451  0xa2  Code  Gb  main.o [1]
numero_tarefas          0x2000'059c   0x1  Data  Lc  multitarefas.o [1]
ponteiro_de_pilha       0x2000'0590   0x4  Data  Gb  multitarefas.o [1]
proxima_tarefa          0x2000'059b   0x1  Data  Gb  multitarefas.o [1]
tarefa_0                      0x4f3  0x12  Code  Gb  main.o [1]
tarefa_1                      0x505  0x18  Code  Gb  main.o [1]
tarefa_2                      0x51d  0x18  Code  Gb  main.o [1]
tarefa_3                      0x535  0x18  Code  Gb  main.o [1]
tarefa_4                      0x54d  0x18  Code  Gb  main.o [1]
tarefa_5                      0x565  0x12  Code  Gb  main.o [1]
tarefa_6                      0x577  0x30  Code  Gb  main.o [1]
tarefa_atual            0x2000'059a   0x1  Data  Gb  multitarefas.o [1]
tarefa_ociosa                 0x179  0x12  Code  Gb  multitarefas.o [1]


[1] = C:\Users\Astor\Documents\GitHub\elc1048\MULTITAREFAS\IAR\Debug\Obj
[2] = dl6M_tln.a
[3] = rt6M_tl.a
[4] = shb_l.a

  1'764 bytes of readonly  code memory
    116 bytes of readonly  data memory
  2'461 bytes of readwrite data memory

Errors: none
Warnings: none
