###############################################################################
#
# IAR ELF Linker V8.50.1.245/W32 for ARM                  30/Apr/2020  23:32:16
# Copyright 2007-2020 IAR Systems AB.
#
#    Output file  =
#        C:\Users\Astor\Documents\GitHub\elc1048\MULTITAREFAS\IAR\Debug\Exe\prj0.out
#    Map file     =
#        C:\Users\Astor\Documents\GitHub\elc1048\MULTITAREFAS\IAR\Debug\List\prj0.map
#    Command line =
#        -f C:\Users\Astor\AppData\Local\Temp\EWEA20.tmp
#        (C:\Users\Astor\Documents\GitHub\elc1048\MULTITAREFAS\IAR\Debug\Obj\cpu-port.o
#        C:\Users\Astor\Documents\GitHub\elc1048\MULTITAREFAS\IAR\Debug\Obj\main.o
#        C:\Users\Astor\Documents\GitHub\elc1048\MULTITAREFAS\IAR\Debug\Obj\multitarefas.o
#        --no_out_extension -o
#        C:\Users\Astor\Documents\GitHub\elc1048\MULTITAREFAS\IAR\Debug\Exe\prj0.out
#        --redirect _Printf=_PrintfFullNoMb --redirect _Scanf=_ScanfFullNoMb
#        --map
#        C:\Users\Astor\Documents\GitHub\elc1048\MULTITAREFAS\IAR\Debug\List\prj0.map
#        --config "C:\Program Files (x86)\IAR Systems\Embedded Workbench
#        8.4\arm\CONFIG\generic_cortex.icf" --semihosting --entry
#        __iar_program_start --vfe --text_out locale)
#
###############################################################################

*******************************************************************************
*** RUNTIME MODEL ATTRIBUTES
***

CppFlavor       = *
__SystemLibrary = DLib
__dlib_version  = 6


*******************************************************************************
*** HEAP SELECTION
***

The basic heap was selected because some modules are built with
size limitations (and not runtime checking), and --advanced_heap
was not specified.


*******************************************************************************
*** PLACEMENT SUMMARY
***

"A0":  place at address 0x0 { ro section .intvec };
"P1":  place in [from 0x0 to 0x7'ffff] { ro };
define block CSTACK with size = 1K, alignment = 8 { };
define block PROC_STACK with size = 0, alignment = 8 { };
define block HEAP with size = 2K, alignment = 8 { };
"P2":  place in [from 0x2000'0000 to 0x2000'ffff] {
          rw, block CSTACK, block PROC_STACK, block HEAP };

  Section          Kind         Address   Size  Object
  -------          ----         -------   ----  ------
"A0":                                     0x40
  .intvec          ro code          0x0   0x40  vector_table_M.o [3]
                                 - 0x40   0x40

"P1":                                    0x570
  .text            ro code         0x40  0x1ec  multitarefas.o [1]
  .text            ro code        0x22c  0x128  cpu-port.o [1]
  .text            ro code        0x354   0xae  I32DivModFast.o [3]
  .text            ro code        0x402    0x2  vector_table_M.o [3]
  .text            ro code        0x404    0x2  IntDivZer.o [3]
  .text            ro code        0x408   0xb4  main.o [1]
  .text            ro code        0x4bc   0x3c  zero_init3.o [3]
  .text            ro code        0x4f8   0x28  data_init.o [3]
  .iar.init_table  const          0x520   0x10  - Linker created -
  .text            ro code        0x530   0x1e  cmain.o [3]
  .text            ro code        0x54e    0x4  low_level_init.o [2]
  .text            ro code        0x552    0x8  exit.o [2]
  .text            ro code        0x55c    0xa  cexit.o [3]
  .text            ro code        0x568   0x14  exit.o [4]
  .rodata          const          0x57c   0x10  main.o [1]
  .rodata          const          0x58c    0xc  main.o [1]
  .rodata          const          0x598    0xc  main.o [1]
  .text            ro code        0x5a4    0xc  cstartup_M.o [3]
  .rodata          const          0x5b0    0x0  zero_init3.o [3]
                                - 0x5b0  0x570

"P2", part 1 of 2:                       0x228
  .bss             zero     0x2000'0000   0xa0  main.o [1]
  .bss             zero     0x2000'00a0   0xa0  main.o [1]
  .bss             zero     0x2000'0140   0xa0  main.o [1]
  .bss             zero     0x2000'01e0   0x30  multitarefas.o [1]
  .bss             zero     0x2000'0210    0x8  multitarefas.o [1]
  .bss             zero     0x2000'0218    0x4  multitarefas.o [1]
  .bss             zero     0x2000'021c    0x4  multitarefas.o [1]
  .bss             zero     0x2000'0220    0x2  multitarefas.o [1]
  .bss             zero     0x2000'0222    0x1  multitarefas.o [1]
  .bss             zero     0x2000'0223    0x1  multitarefas.o [1]
  .bss             zero     0x2000'0224    0x1  multitarefas.o [1]
                          - 0x2000'0225  0x225

"P2", part 2 of 2:                       0x400
  CSTACK                    0x2000'0228  0x400  <Block>
    CSTACK         uninit   0x2000'0228  0x400  <Block tail>
                          - 0x2000'0628  0x400

Unused ranges:

         From           To      Size
         ----           --      ----
        0x5b0     0x7'ffff  0x7'fa50
  0x2000'0628  0x2000'ffff    0xf9d8


*******************************************************************************
*** INIT TABLE
***

          Address      Size
          -------      ----
Zero (__iar_zero_init3)
    1 destination range, total size 0x225:
          0x2000'0000  0x225



*******************************************************************************
*** MODULE SUMMARY
***

    Module            ro code  ro data  rw data
    ------            -------  -------  -------
command line/config:
    -------------------------------------------
    Total:

C:\Users\Astor\Documents\GitHub\elc1048\MULTITAREFAS\IAR\Debug\Obj: [1]
    cpu-port.o            296
    main.o                180       40      480
    multitarefas.o        492                69
    -------------------------------------------
    Total:                968       40      549

dl6M_tln.a: [2]
    exit.o                  8
    low_level_init.o        4
    -------------------------------------------
    Total:                 12

rt6M_tl.a: [3]
    I32DivModFast.o       174
    IntDivZer.o             2
    cexit.o                10
    cmain.o                30
    cstartup_M.o           12
    data_init.o            40
    vector_table_M.o       66
    zero_init3.o           60
    -------------------------------------------
    Total:                394

shb_l.a: [4]
    exit.o                 20
    -------------------------------------------
    Total:                 20

    Gaps                    6
    Linker created                  16    1'024
-----------------------------------------------
    Grand Total:        1'400       56    1'573


*******************************************************************************
*** ENTRY LIST
***

Entry                       Address  Size  Type      Object
-----                       -------  ----  ----      ------
.iar.init_table$$Base         0x520         --   Gb  - Linker created -
.iar.init_table$$Limit        0x530         --   Gb  - Linker created -
?main                         0x531        Code  Gb  cmain.o [3]
CSTACK$$Base            0x2000'0228         --   Gb  - Linker created -
CSTACK$$Limit           0x2000'0628         --   Gb  - Linker created -
ConfiguraMarcaTempo           0x27b  0x24  Code  Gb  cpu-port.o [1]
CriaContexto                  0x22d  0x4e  Code  Gb  cpu-port.o [1]
CriaTarefa                     0x93  0x6a  Code  Gb  multitarefas.o [1]
ExecutaMarcaDeTempo           0x19f  0x6a  Code  Gb  multitarefas.o [1]
HardFault_Handler             0x351   0x4  Code  Gb  cpu-port.o [1]
IniciaMultitarefas            0x145  0x26  Code  Gb  multitarefas.o [1]
PILHA_TAREFA_1          0x2000'0000  0xa0  Data  Gb  main.o [1]
PILHA_TAREFA_2          0x2000'00a0  0xa0  Data  Gb  main.o [1]
PILHA_TAREFA_OCIOSA     0x2000'0140  0xa0  Data  Gb  main.o [1]
PendSV_Handler                0x2d9  0x48  Code  Gb  cpu-port.o [1]
Prioridades             0x2000'0210   0x8  Data  Gb  multitarefas.o [1]
Region$$Table$$Base           0x520         --   Gb  - Linker created -
Region$$Table$$Limit          0x530         --   Gb  - Linker created -
SP                      0x2000'021c   0x4  Data  Gb  multitarefas.o [1]
SVC_Handler                   0x2a1  0x38  Code  Gb  cpu-port.o [1]
SysTick_Handler               0x321  0x12  Code  Gb  cpu-port.o [1]
TCB                     0x2000'01e0  0x30  Data  Gb  multitarefas.o [1]
TarefaEspera                   0xfd  0x34  Code  Gb  multitarefas.o [1]
TrocaContextoDasTarefas
                              0x16b  0x34  Code  Gb  multitarefas.o [1]
__aeabi_idiv0                 0x405        Code  Gb  IntDivZer.o [3]
__aeabi_uidiv                 0x355        Code  Gb  I32DivModFast.o [3]
__aeabi_uidivmod              0x355        Code  Gb  I32DivModFast.o [3]
__cmain                       0x531        Code  Gb  cmain.o [3]
__exit                        0x569  0x14  Code  Gb  exit.o [4]
__iar_data_init3              0x4f9  0x28  Code  Gb  data_init.o [3]
__iar_program_start           0x5a5        Code  Gb  cstartup_M.o [3]
__iar_zero_init3              0x4bd  0x3c  Code  Gb  zero_init3.o [3]
__low_level_init              0x54f   0x4  Code  Gb  low_level_init.o [2]
__vector_table                  0x0        Data  Gb  vector_table_M.o [3]
_call_main                    0x53d        Code  Gb  cmain.o [3]
_exit                         0x55d        Code  Gb  cexit.o [3]
_main                         0x54b        Code  Gb  cmain.o [3]
contador_marcas         0x2000'0220   0x2  Data  Lc  multitarefas.o [1]
escalonador                    0x41  0x52  Code  Gb  multitarefas.o [1]
exit                          0x553   0x8  Code  Gb  exit.o [2]
main                          0x409  0x3c  Code  Gb  main.o [1]
numero_tarefas          0x2000'0224   0x1  Data  Lc  multitarefas.o [1]
ponteiro_de_pilha       0x2000'0218   0x4  Data  Gb  multitarefas.o [1]
proxima_tarefa          0x2000'0223   0x1  Data  Gb  multitarefas.o [1]
tarefa_1                      0x445  0x1a  Code  Gb  main.o [1]
tarefa_2                      0x45f  0x36  Code  Gb  main.o [1]
tarefa_atual            0x2000'0222   0x1  Data  Gb  multitarefas.o [1]
tarefa_ociosa                 0x131  0x12  Code  Gb  multitarefas.o [1]


[1] = C:\Users\Astor\Documents\GitHub\elc1048\MULTITAREFAS\IAR\Debug\Obj
[2] = dl6M_tln.a
[3] = rt6M_tl.a
[4] = shb_l.a

  1'400 bytes of readonly  code memory
     56 bytes of readonly  data memory
  1'573 bytes of readwrite data memory

Errors: none
Warnings: none
